.
./.git
./.git/COMMIT_EDITMSG
./.git/FETCH_HEAD
./.git/HEAD
./.git/ORIG_HEAD
./.git/config
./.git/description
./.git/hooks
./.git/hooks/applypatch-msg.sample
./.git/hooks/commit-msg.sample
./.git/hooks/fsmonitor-watchman.sample
./.git/hooks/post-update.sample
./.git/hooks/pre-applypatch.sample
./.git/hooks/pre-commit.sample
./.git/hooks/pre-push.sample
./.git/hooks/pre-rebase.sample
./.git/hooks/pre-receive.sample
./.git/hooks/prepare-commit-msg.sample
./.git/hooks/update.sample
./.git/index
./.git/info
./.git/info/exclude
./.git/logs
./.git/logs/HEAD
./.git/logs/refs
./.git/logs/refs/heads
./.git/logs/refs/heads/master
./.git/logs/refs/heads/soda
./.git/logs/refs/remotes
./.git/logs/refs/remotes/origin
./.git/logs/refs/remotes/origin/master
./.git/logs/refs/remotes/origin/soda
./.git/objects
./.git/objects/00
./.git/objects/00/2e18cb560a634b9531537bcf27b29973214072
./.git/objects/02
./.git/objects/02/8a8703b4a5eef389c1aff6e32702c1ded91cee
./.git/objects/05
./.git/objects/05/8d7518886fec6640dddef454ad042ab3b0d27e
./.git/objects/07
./.git/objects/07/8051bb59de4a118a45163e5a1cd26d7fc3247b
./.git/objects/08
./.git/objects/08/be083249e9d697cea477176df64db24b1b8ee8
./.git/objects/15
./.git/objects/15/3947dfd8590c461461f59e4fa30667df8a9196
./.git/objects/16
./.git/objects/16/e47802e714192ecc087a146f795d17e622051f
./.git/objects/1c
./.git/objects/1c/6be6ad1eba134161b3fa8e2e64c9058d6dae90
./.git/objects/1f
./.git/objects/1f/27db1a3e23d1833c1c0aaf8b8a7e917f71aed6
./.git/objects/22
./.git/objects/22/f20ac0988692529aa620ed713f7aaa9a10eaab
./.git/objects/23
./.git/objects/23/73e818d603530fc9f037e526f0dc630305a8d4
./.git/objects/26
./.git/objects/26/f65dc7cab01d84a21421c9b18da6d036b7ee04
./.git/objects/29
./.git/objects/29/c93de5f9afa4ca325f6d669e60a7861856887c
./.git/objects/2a
./.git/objects/2a/a184dab1fdcb5c29d329aed4f6d6890063a057
./.git/objects/2d
./.git/objects/2d/11aa9db829c3b3c630746e9de52960fea72449
./.git/objects/2e
./.git/objects/2e/820425d6a23e6f57f0813a79309763ec8597ef
./.git/objects/2e/aa7169382cefe6bedcbe46ce8d83fe6668974e
./.git/objects/37
./.git/objects/37/40cd102adf40e525d00bb88b85ab5888381331
./.git/objects/39
./.git/objects/39/9ac57fb0acb9bc3fcf4a5ee5e9b147ba3c0901
./.git/objects/3c
./.git/objects/3c/db1e54fd58d3927f7ec13dfe8ea38ee5ca147e
./.git/objects/40
./.git/objects/40/300a5d956215aa8da2856e67bd4d2f0ca420b3
./.git/objects/42
./.git/objects/42/538d8b88fe736decadf1ea41cdac2562336c1d
./.git/objects/43
./.git/objects/43/f7ef15ce16dce8a07709fd742ebc45be224f13
./.git/objects/46
./.git/objects/46/a4b178785c0dda7f8fce25e01e3b96a47a7708
./.git/objects/46/f132903fe5991f3bf30e572eb1f4606e788e40
./.git/objects/49
./.git/objects/49/011943fd0cdecefa61963ec112259e3a1cf7d3
./.git/objects/49/77bc62c0e5eedda3a63e1250139237f32fb671
./.git/objects/4e
./.git/objects/4e/f21fdc09cd985a9147540c4d7ddd6428f3ff52
./.git/objects/57
./.git/objects/57/8f16cc38d6f8f9d2282a3fd538ce46378acf8c
./.git/objects/5d
./.git/objects/5d/60ec59165db08dd5940f07a07f019aaa5f7fb3
./.git/objects/5d/80b72172d29be3b03279e9bf71be39ce643b88
./.git/objects/5f
./.git/objects/5f/459f95d352d149d8ecbda4ee52dd3ebf3f4f39
./.git/objects/65
./.git/objects/65/90c9ab8490e2a851e1c6589c3a820ac397b6c3
./.git/objects/66
./.git/objects/66/c287abc48baa98aa40a99558038dbf9115149e
./.git/objects/69
./.git/objects/69/4db5fbf7cc700774d0dbb3ed83a33dacfb1cbb
./.git/objects/69/9fdfad3d1282d2e1b69f021af1ad17581e2719
./.git/objects/69/b5a779e4ebabf0124dc0f1af45339a77bf1530
./.git/objects/6c
./.git/objects/6c/5a77ac31ad10f7a5cb012c5d445fefcd5e9b6f
./.git/objects/6c/a14c33a52df257016e4810b39395d853de4d32
./.git/objects/6e
./.git/objects/6e/aeb79b6dd0238d070eb1ae17a32865304d753d
./.git/objects/6f
./.git/objects/6f/9509c88bed7080d496fc5e1d87a9315e30549d
./.git/objects/75
./.git/objects/75/1bc23e93409c6cb3d23260b6ac1f755b6c5508
./.git/objects/75/c5f79bc3707c9290cc23290dbbfbb6996355ad
./.git/objects/76
./.git/objects/76/a64920e57563fa97bee94b3f3f096d759e2efd
./.git/objects/77
./.git/objects/77/7ed531da46b0f95f870798a56be608db186601
./.git/objects/78
./.git/objects/78/d47cce63b6f76a2288cce65190b2d24bcb7f92
./.git/objects/7a
./.git/objects/7a/948be905efbc14046831649059ceb8efa959d6
./.git/objects/83
./.git/objects/83/c45b14f736c9f953fda264fe823a89f28193a8
./.git/objects/88
./.git/objects/88/802ef9d24c34458a57a6e1d7499ff1a0b72b25
./.git/objects/89
./.git/objects/89/18e135abef98dc0754c2f3a9284d02cc6e692a
./.git/objects/89/3fab9d5d758c82a3f9927f9b5b16226a480ff6
./.git/objects/8c
./.git/objects/8c/dd2df0aad821b90a58a7dd0746a60c48a61780
./.git/objects/90
./.git/objects/90/9f9936e4d771639e3c31e95e432f6a75043e6a
./.git/objects/92
./.git/objects/92/3eb78f908788ce170cbb361181aea98088a183
./.git/objects/92/5b436e85983372de0cb555353a282761227e91
./.git/objects/92/7053e3d8452e898205118a96474cc6529ec21e
./.git/objects/95
./.git/objects/95/1c153c04fa84c2b72eee3904579fea1ea2a061
./.git/objects/97
./.git/objects/97/9f7074b71115551f760a0b991043217cf5c8d5
./.git/objects/99
./.git/objects/99/2a7aee85ca4a3f5ac7dcdfd97243501155fef4
./.git/objects/99/e451639abf0fa79b7bd555f4bb010342dcae7d
./.git/objects/9d
./.git/objects/9d/a5139a671e721b44f7c474d4134ad4652da582
./.git/objects/9e
./.git/objects/9e/38437f0b0afc0b5172fd89e8c96079b5d527b2
./.git/objects/9f
./.git/objects/9f/bcb79d1e17f768c24c835be8ef2fe85c9c371f
./.git/objects/a6
./.git/objects/a6/1c720ffaae5d3020345a748597e9061001cea0
./.git/objects/a7
./.git/objects/a7/bb57f5a4da44100bff11f3076efbd0b45037bc
./.git/objects/ac
./.git/objects/ac/34fde7cc97f4783b948a5a3545f7f2a2d386e9
./.git/objects/ac/5902f0de7e4f04415d4e5e56e18e9680e62eee
./.git/objects/ad
./.git/objects/ad/bfd2fbb05ab945bf4abbaee4db92b9d211ded7
./.git/objects/ae
./.git/objects/ae/41b2da9c2f876ec5b0debb8f21c43178f64973
./.git/objects/b6
./.git/objects/b6/aef8d8a13e6f3cbfa983c21aca026f6269cbfd
./.git/objects/ba
./.git/objects/ba/faae6904cdcae9783b5549a9dcc95fa2501da9
./.git/objects/bf
./.git/objects/bf/8ac50ddd5b2e396fdc9cfa0873ff07487bdb27
./.git/objects/c4
./.git/objects/c4/2bd2b4779f2b512986360e0ae72c558f7d0b23
./.git/objects/c7
./.git/objects/c7/74ca31fc208192ca80625876e19b1462cb4594
./.git/objects/c8
./.git/objects/c8/176b2076349548c326acdcd03eb3caa2ba70f5
./.git/objects/c8/96c3b76579653a3fbb98a4450147e6b0317e8f
./.git/objects/cb
./.git/objects/cb/19132ef656da04165cd277d39413e0de582469
./.git/objects/cc
./.git/objects/cc/35b2858fb75e35268dd1c35e1d1413538221bd
./.git/objects/cc/a1f34dfc14cfcbe50904e7529eab44b0df12ba
./.git/objects/cc/ab22f38ff461f828078fd5cd5b89f2a8212c1e
./.git/objects/cd
./.git/objects/cd/ae53b2362dff9405574230dc89421a23372d21
./.git/objects/d2
./.git/objects/d2/cecde3d92191f13c8d924ba7d9e07fbd2bfb22
./.git/objects/df
./.git/objects/df/e0770424b2a19faf507a501ebfc23be8f54e7b
./.git/objects/e2
./.git/objects/e2/0d384af322a0be23a02a78349099b30739d6b2
./.git/objects/e6
./.git/objects/e6/9de29bb2d1d6434b8b29ae775ad8c2e48c5391
./.git/objects/ea
./.git/objects/ea/8488c1e0f7758503803fe15ba3786724a425ef
./.git/objects/ee
./.git/objects/ee/c02a1e72c37b9663b5ae47e470b4f5b4303fbf
./.git/objects/f0
./.git/objects/f0/550319d9ddfd18108c3ef83fcee14d1e8c8b88
./.git/objects/f0/b6a7c08d8caf87d99ac7c99755579b1bcb799f
./.git/objects/f5
./.git/objects/f5/8515f60f7d7f803a337829713d7f3ecacb3d88
./.git/objects/info
./.git/objects/pack
./.git/refs
./.git/refs/heads
./.git/refs/heads/master
./.git/refs/heads/soda
./.git/refs/remotes
./.git/refs/remotes/origin
./.git/refs/remotes/origin/master
./.git/refs/remotes/origin/soda
./.git/refs/tags
./.gitattributes
./1.txt
./README.md
./myfind.py
./run_tests.sh
./test
./test/STDERR
./test/commandMultiProcess.out
./test/commandMultiProcess.sortin
./test/commandOnly{}.in
./test/commandOnly{}.out
./test/commandWithFlag.in
./test/commandWithFlag.out
./test/findName.out
./test/findName.sortin
./test/findRegex.out
./test/findRegex.sortin
./test/hello.sh
./test/listHome.out
./test/listHome.sortin
./test/pathNoExist.errorin
./test/pathNoExist.out
./test/processCannotStart.errorin
./test/processCannotStart.out
