Usage: myfind [--regex=pattern | --name=filename] directory [command]